[ace.jeka.by/index.html]
[backblue.gif]
[fade.gif]
[index.html]
[ace.jeka.by/assets/css/bootstrap.min.css]
[ace.jeka.by/assets/font-awesome/4.5.0/css/font-awesome.min.css]
[ace.jeka.by/assets/css/ace-skins.min.css]
[ace.jeka.by/assets/css/ace.min.css]
[ace.jeka.by/assets/css/ace-rtl.min.css]
[ace.jeka.by/assets/js/ace-extra.min.js]
[ace.jeka.by/assets/images/avatars/avatar.png]
[ace.jeka.by/index-2.html]
[ace.jeka.by/assets/images/avatars/avatar3.png]
[ace.jeka.by/assets/images/avatars/avatar4.png]
[ace.jeka.by/assets/images/avatars/avatar2.png]
[ace.jeka.by/assets/images/avatars/avatar5.png]
[ace.jeka.by/inbox.html]
[ace.jeka.by/assets/images/avatars/user.jpg]
[ace.jeka.by/profile.html]
[ace.jeka.by/top-menu.html]
[ace.jeka.by/two-menu-1.html]
[ace.jeka.by/two-menu-2.html]
[ace.jeka.by/mobile-menu-1.html]
[ace.jeka.by/mobile-menu-2.html]
[ace.jeka.by/mobile-menu-3.html]
[ace.jeka.by/typography.html]
[ace.jeka.by/elements.html]
[ace.jeka.by/buttons.html]
[ace.jeka.by/content-slider.html]
[ace.jeka.by/treeview.html]
[ace.jeka.by/jquery-ui.html]
[ace.jeka.by/nestable-list.html]
[ace.jeka.by/tables.html]
[ace.jeka.by/jqgrid.html]
[ace.jeka.by/form-elements.html]
[ace.jeka.by/form-elements-2.html]
[ace.jeka.by/form-wizard.html]
[ace.jeka.by/wysiwyg.html]
[ace.jeka.by/dropzone.html]
[ace.jeka.by/widgets.html]
[ace.jeka.by/calendar.html]
[ace.jeka.by/gallery.html]
[ace.jeka.by/pricing.html]
[ace.jeka.by/invoice.html]
[ace.jeka.by/timeline.html]
[ace.jeka.by/search.html]
[ace.jeka.by/email.html]
[ace.jeka.by/login.html]
[ace.jeka.by/faq.html]
[ace.jeka.by/error-404.html]
[ace.jeka.by/error-500.html]
[ace.jeka.by/grid.html]
[ace.jeka.by/blank.html]
[ace.jeka.by/assets/images/avatars/avatar1.png]
[ace.jeka.by/assets/js/jquery.mobile.custom.min.js]
[ace.jeka.by/assets/js/jquery.ui.touch-punch.min.js]
[ace.jeka.by/assets/js/jquery.easypiechart.min.js]
[ace.jeka.by/assets/js/bootstrap.min.js]
[ace.jeka.by/assets/js/jquery-2.1.4.min.js]
[ace.jeka.by/assets/js/jquery.flot.pie.min.js]
[ace.jeka.by/assets/js/jquery-ui.custom.min.js]
[ace.jeka.by/assets/js/jquery.flot.resize.min.js]
[ace.jeka.by/assets/js/jquery.flot.min.js]
[ace.jeka.by/assets/js/jquery.sparkline.index.min.js]
[www.google-analytics.com/analytics.js]
[ace.jeka.by/index.html]
[ace.jeka.by/assets/js/ace-elements.min.js]
[ace.jeka.by/assets/fonts/glyphicons-halflings-regular.woff2]
[ace.jeka.by/assets/js/ace.min.js]
[ace.jeka.by/assets/fonts/glyphicons-halflings-regular.eot]
[ace.jeka.by/assets/fonts/glyphicons-halflings-regular.woff]
[ace.jeka.by/assets/fonts/glyphicons-halflings-regular.ttf]
[ace.jeka.by/assets/css/bootstrap.min.css]
[ace.jeka.by/assets/fonts/glyphicons-halflings-regular.svg]
[ace.jeka.by/assets/fonts/glyphicons-halflings-regulard41d.eot]
[ace.jeka.by/assets/font-awesome/4.5.0/fonts/fontawesome-webfont3295.woff2]
[ace.jeka.by/assets/font-awesome/4.5.0/fonts/fontawesome-webfont3295.woff]
[ace.jeka.by/assets/font-awesome/4.5.0/fonts/fontawesome-webfont3295.eot]
[ace.jeka.by/assets/font-awesome/4.5.0/fonts/fontawesome-webfont3295.ttf]
[ace.jeka.by/assets/font-awesome/4.5.0/fonts/fontawesome-webfontd41d.eot]
[ace.jeka.by/assets/font-awesome/4.5.0/css/font-awesome.min.css]
[ace.jeka.by/assets/css/fonts.googleapis.com.css]
[ace.jeka.by/assets/css/ace.min.css]
[ace.jeka.by/assets/css/ace-skins.min.css]
[ace.jeka.by/assets/css/ace-rtl.min.css]
[ace.jeka.by/index-2.html]
[ace.jeka.by/assets/images/gallery/thumb-4.jpg]
[ace.jeka.by/assets/font-awesome/4.5.0/fonts/fontawesome-webfont3295.svg]
[ace.jeka.by/assets/images/gallery/thumb-3.jpg]
[ace.jeka.by/assets/images/gallery/thumb-2.jpg]
[ace.jeka.by/assets/images/gallery/thumb-1.jpg]
[ace.jeka.by/assets/js/bootstrap-tag.min.js]
[ace.jeka.by/assets/js/jquery.hotkeys.index.min.js]
[ace.jeka.by/inbox.html]
[ace.jeka.by/assets/js/bootstrap-wysiwyg.min.js]
[ace.jeka.by/assets/css/jquery-ui.custom.min.css]
[ace.jeka.by/assets/css/jquery.gritter.min.css]
[ace.jeka.by/assets/css/select2.min.css]
[ace.jeka.by/assets/css/bootstrap-datepicker3.min.css]
[ace.jeka.by/assets/css/bootstrap-editable.min.css]
[ace.jeka.by/assets/images/avatars/profile-pic.jpg]
[ace.jeka.by/assets/images/gallery/thumb-5.jpg]
[ace.jeka.by/assets/images/gallery/thumb-6.jpg]
[ace.jeka.by/assets/js/jquery.gritter.min.js]
[ace.jeka.by/assets/js/bootbox.js]
[ace.jeka.by/assets/js/spinbox.min.js]
[ace.jeka.by/assets/js/bootstrap-datepicker.min.js]
[ace.jeka.by/assets/js/ace-editable.min.js]
[ace.jeka.by/assets/js/select2.min.js]
[ace.jeka.by/assets/js/bootstrap-editable.min.js]
[ace.jeka.by/profile.html]
[ace.jeka.by/top-menu.html]
[ace.jeka.by/two-menu-1.html]
[ace.jeka.by/two-menu-2.html]
[ace.jeka.by/mobile-menu-1.html]
[ace.jeka.by/mobile-menu-2.html]
[ace.jeka.by/mobile-menu-3.html]
[ace.jeka.by/assets/js/jquery.maskedinput.min.js]
[ace.jeka.by/typography.html]
[ace.jeka.by/assets/js/prettify.min.js]
[ace.jeka.by/elements.html]
[ace.jeka.by/buttons.html]
[ace.jeka.by/content-slider.html]
[ace.jeka.by/treeview.html]
[ace.jeka.by/assets/js/tree.min.js]
[ace.jeka.by/assets/css/jquery-ui.min.css]
[ace.jeka.by/assets/js/spin.js]
[ace.jeka.by/jquery-ui.html]
[ace.jeka.by/nestable-list.html]
[ace.jeka.by/assets/js/jquery.nestable.min.js]
[ace.jeka.by/assets/js/jquery.dataTables.bootstrap.min.js]
[ace.jeka.by/assets/js/buttons.flash.min.js]
[ace.jeka.by/assets/js/dataTables.buttons.min.js]
[ace.jeka.by/assets/js/buttons.print.min.js]
[ace.jeka.by/assets/js/buttons.html5.min.js]
[ace.jeka.by/assets/js/buttons.colVis.min.js]
[ace.jeka.by/assets/js/jquery.dataTables.min.js]
[ace.jeka.by/tables.html]
[ace.jeka.by/assets/js/jquery-ui.min.js]
[ace.jeka.by/assets/js/dataTables.select.min.js]
[ace.jeka.by/assets/css/ui.jqgrid.min.css]
[ace.jeka.by/jqgrid.html]
[ace.jeka.by/assets/js/grid.locale-en.js]
[ace.jeka.by/assets/css/chosen.min.css]
[ace.jeka.by/assets/css/bootstrap-timepicker.min.css]
[ace.jeka.by/assets/css/daterangepicker.min.css]
[ace.jeka.by/assets/css/bootstrap-datetimepicker.min.css]
[ace.jeka.by/assets/css/bootstrap-colorpicker.min.css]
[ace.jeka.by/assets/js/bootstrap-timepicker.min.js]
[ace.jeka.by/assets/js/chosen.jquery.min.js]
[ace.jeka.by/assets/js/daterangepicker.min.js]
[ace.jeka.by/assets/js/moment.min.js]
[ace.jeka.by/assets/js/bootstrap-datetimepicker.min.js]
[ace.jeka.by/assets/js/bootstrap-colorpicker.min.js]
[ace.jeka.by/assets/js/autosize.min.js]
[ace.jeka.by/assets/js/jquery.knob.min.js]
[ace.jeka.by/form-elements.html]
[ace.jeka.by/assets/js/jquery.inputlimiter.min.js]
[ace.jeka.by/assets/js/jquery.jqGrid.min.js]
[ace.jeka.by/assets/css/bootstrap-duallistbox.min.css]
[ace.jeka.by/assets/css/bootstrap-multiselect.min.css]
[ace.jeka.by/assets/js/jquery.bootstrap-duallistbox.min.js]
[ace.jeka.by/assets/js/jquery.raty.min.js]
[ace.jeka.by/assets/js/bootstrap-multiselect.min.js]
[ace.jeka.by/form-elements-2.html]
[ace.jeka.by/assets/js/jquery-typeahead.js]
[ace.jeka.by/assets/js/wizard.min.js]
[ace.jeka.by/assets/js/jquery.validate.min.js]
[ace.jeka.by/form-wizard.html]
[ace.jeka.by/assets/js/jquery-additional-methods.min.js]
[ace.jeka.by/assets/js/markdown.min.js]
[ace.jeka.by/wysiwyg.html]
[ace.jeka.by/assets/js/bootstrap-markdown.min.js]
[ace.jeka.by/assets/css/dropzone.min.css]
[ace.jeka.by/dropzone.html]
[ace.jeka.by/widgets.html]
[ace.jeka.by/assets/js/dropzone.min.js]
[ace.jeka.by/assets/css/fullcalendar.min.css]
[ace.jeka.by/calendar.html]
[ace.jeka.by/assets/js/fullcalendar.min.js]
[ace.jeka.by/assets/css/colorbox.min.css]
[ace.jeka.by/assets/images/gallery/image-1.jpg]
[ace.jeka.by/assets/images/gallery/image-2.jpg]
[ace.jeka.by/assets/images/gallery/image-3.jpg]
[ace.jeka.by/assets/images/gallery/image-4.jpg]
[ace.jeka.by/assets/images/gallery/image-5.jpg]
[ace.jeka.by/assets/images/gallery/image-6.jpg]
[ace.jeka.by/assets/js/jquery.colorbox.min.js]
[ace.jeka.by/gallery.html]
[ace.jeka.by/pricing.html]
[ace.jeka.by/invoice.html]
[ace.jeka.by/timeline.html]
[ace.jeka.by/search.html]
[ace.jeka.by/email-confirmation.html]
[ace.jeka.by/assets/images/email/email1.png]
[ace.jeka.by/email-navbar.html]
[ace.jeka.by/assets/images/email/email2.png]
[ace.jeka.by/assets/js/holder.min.js]
[ace.jeka.by/email-newsletter.html]
[ace.jeka.by/assets/images/email/email3.png]
[ace.jeka.by/email-contrast.html]
[ace.jeka.by/assets/images/email/email4.png]
[ace.jeka.by/email.html]
[ace.jeka.by/login.html]
[ace.jeka.by/faq.html]
[ace.jeka.by/error-404.html]
[ace.jeka.by/error-500.html]
[ace.jeka.by/grid.html]
[ace.jeka.by/blank.html]
[ace.jeka.by/assets/fonts/glyphicons-halflings-regular.svg]
[ace.jeka.by/assets/font-awesome/4.5.0/fonts/fontawesome-webfont3295.svg]
[ace.jeka.by/assets/css/images/pattern.html]
[ace.jeka.by/assets/css/images/meteorshower2.html]
[ace.jeka.by/assets/css/jquery-ui.custom.min.css]
[ace.jeka.by/assets/css/jquery.gritter.min.css]
[ace.jeka.by/assets/css/select2.min.css]
[ace.jeka.by/assets/css/bootstrap-datepicker3.min.css]
[ace.jeka.by/assets/css/bootstrap-editable.min.css]
[ace.jeka.by/assets/css/prettify.min.css]
[ace.jeka.by/assets/css/jquery-ui.min.css]
[ace.jeka.by/assets/css/ui.jqgrid.min.css]
[ace.jeka.by/assets/css/chosen.min.css]
[ace.jeka.by/assets/css/bootstrap-timepicker.min.css]
[ace.jeka.by/assets/css/daterangepicker.min.css]
[ace.jeka.by/assets/css/bootstrap-datetimepicker.min.css]
[ace.jeka.by/assets/images/bootstrap-colorpicker/saturation.png]
[ace.jeka.by/assets/images/bootstrap-colorpicker/hue.png]
[ace.jeka.by/assets/images/bootstrap-colorpicker/alpha.png]
[ace.jeka.by/assets/images/bootstrap-colorpicker/hue-horizontal.png]
[ace.jeka.by/assets/images/bootstrap-colorpicker/alpha-horizontal.png]
[ace.jeka.by/assets/css/bootstrap-colorpicker.min.css]
[ace.jeka.by/assets/css/bootstrap-duallistbox.min.css]
[ace.jeka.by/assets/css/bootstrap-multiselect.min.css]
[ace.jeka.by/assets/css/dropzone.min.css]
[ace.jeka.by/assets/css/fullcalendar.min.css]
[ace.jeka.by/assets/css/colorbox.min.css]
[ace.jeka.by/email-confirmation.html]
[ace.jeka.by/email-navbar.html]
[ace.jeka.by/assets/images/placeholder/550x280.png]
[ace.jeka.by/assets/images/placeholder/165x90.png]
[ace.jeka.by/assets/images/placeholder/255x150.png]
[ace.jeka.by/email-newsletter.html]
[ace.jeka.by/assets/images/placeholder/530x270.png]
[ace.jeka.by/email-contrast.html]
[ace.jeka.by/assets/images/ie-spacer.html]
[ace.jeka.by/assets/images/gritter.html]
[ace.jeka.by/assets/images/gritter-light.html]
[ace.jeka.by/assets/img/loading.html]
[ace.jeka.by/assets/img/clear.html]
[ace.jeka.by/assets/css/chosen-sprite.html]
[ace.jeka.by/assets/css/chosen-sprite@2x.html]
[ace.jeka.by/assets/css/images/overlay.html]
[ace.jeka.by/assets/css/images/controls.html]
[ace.jeka.by/assets/css/images/border.html]
[ace.jeka.by/assets/css/images/loading_background.html]
[ace.jeka.by/assets/css/images/loading.html]
